[polytoria.com/forum/index.html]
[polytoria.com/cdn-cgi/apps/head/d2xo1he7Kns6Z1vqZzVy46dfEyI.js]
[polytoria.com/assets/css/superium-theme-light.css]
[polytoria.com/assets/js/theme.min.js]
[pagead2.googlesyndication.com/pagead/js/f.txt]
[cdnjs.cloudflare.com/ajax/libs/Chart.js/2.8.0/Chart.bundle.js]
[polyfill.io/v3/polyfill.min2d4a.js]
[polytoria.com/assets/js/emoji-picker/fgEmojiPicker.js]
[code.jquery.com/jquery-3.6.0.min.js]
[polytoria.com/assets/js/prebid-ads.js]
[backblue.gif]
[fade.gif]
[index.html]
[polytoria.com/assets/fonts/feather/feather.min.css]
[www.google.com/recaptcha/api.js]
[polytoria.com/assets/css/Polytoria.css]
[polytoria.com/assets/img/polytoria.png]
[polytoria.com/assets/img/uploadshirt.png]
[polytoria.com/login/index.html]
[polytoria.com/assets/img/uploadpants.png]
[polytoria.com/assets/img/upload_tee.png]
[polytoria.com/assets/img/icons/brick.png]
[polytoria.com/assets/img/icons/stud.png]
[polytoria.com/assets/img/navbar-logo-light.png]
[polytoria.com/index.html]
[polytoria.com/games/index.html]
[polytoria.com/leaderboard.html]
[polytoria.com/shop/index.html]
[polytoria.com/users/index.html]
[polytoria.com/guilds/index.html]
[polytoria.com/login/new.html]
[polytoria.com/api/userads/fetch.html]
[polytoria.com/forum/sub/3.html]
[polytoria.com/forum/post/58421.html]
[polytoria.com/user/10237.html]
[polytoria.com/forum/sub/1.html]
[polytoria.com/forum/post/58965.html]
[polytoria.com/user/14907.html]
[polytoria.com/forum/sub/2.html]
[polytoria.com/forum/post/58902.html]
[polytoria.com/user/7348.html]
[polytoria.com/forum/sub/4.html]
[polytoria.com/forum/post/58985.html]
[polytoria.com/forum/sub/5.html]
[polytoria.com/user/14106.html]
[polytoria.com/forum/sub/6.html]
[polytoria.com/forum/post/58372.html]
[polytoria.com/forum/post/index.html]
[polytoria.com/user/9224.html]
[polytoria.com/forum/sub/7.html]
[polytoria.com/forum/post/58977.html]
[polytoria.com/privacy.html]
[polytoria.com/terms.html]
[polytoria.com/assets/libs/jquery/dist/jquery.min.js]
[polytoria.com/assets/libs/bootstrap/dist/js/bootstrap.bundle.min.js]
[polytoria.com/assets/libs/@shopify/draggable/lib/es5/draggable.bundle.legacy.js]
[polytoria.com/assets/libs/autosize/dist/autosize.min.js]
[polytoria.com/assets/libs/dropzone/dist/min/dropzone.min.js]
[polytoria.com/assets/libs/flatpickr/dist/flatpickr.min.js]
[polytoria.com/assets/libs/highlightjs/highlight.pack.min.js]
[polytoria.com/assets/libs/jquery-mask-plugin/dist/jquery.mask.min.js]
[polytoria.com/assets/libs/chart.js/Chart.extension.min.js]
[polytoria.com/assets/js/Superium68b3.js]
[polytoria.com/forum/index.html]
[polytoria.com/assets/js/modal.js]
[polytoria.com/assets/img/covers/sidebar-cover.jpg]
[polytoria.com/assets/fonts/cerebrisans/cerebrisans-regular.eot]
[polytoria.com/assets/fonts/cerebrisans/cerebrisans-regulard41d.eot]
[polytoria.com/assets/fonts/cerebrisans/cerebrisans-regular.woff]
[polytoria.com/assets/fonts/cerebrisans/cerebrisans-regular.ttf]
[polytoria.com/assets/fonts/cerebrisans/cerebrisans-medium.eot]
[polytoria.com/assets/fonts/cerebrisans/cerebrisans-mediumd41d.eot]
[polytoria.com/assets/fonts/cerebrisans/cerebrisans-medium.woff]
[polytoria.com/assets/fonts/cerebrisans/cerebrisans-medium.ttf]
[polytoria.com/assets/fonts/cerebrisans/cerebrisans-semibold.eot]
[polytoria.com/assets/fonts/cerebrisans/cerebrisans-semiboldd41d.eot]
[polytoria.com/assets/fonts/cerebrisans/cerebrisans-semibold.woff]
[polytoria.com/assets/fonts/cerebrisans/cerebrisans-semibold.ttf]
[polytoria.com/assets/img/covers/header-cover.jpg]
[polytoria.com/assets/img/masks/avatar-status.svg]
[polytoria.com/assets/img/masks/avatar-group.svg]
[polytoria.com/assets/img/masks/avatar-group-hover.svg]
[polytoria.com/assets/img/masks/avatar-group-hover-last.svg]
[polytoria.com/assets/css/superium-theme-light.css]
[polytoria.com/assets/img/masks/icon-status.svg]
[polytoria.com/assets/fonts/feather/fonts/Feather144f.ttf]
[polytoria.com/assets/fonts/feather/fonts/Feather144f.woff]
[polytoria.com/assets/fonts/feather/feather.min.css]
[polytoria.com/assets/fonts/feather/fonts/Feather144f.svg]
[polytoria.com/assets/img/favorite_anim.png]
[polytoria.com/assets/css/Polytoria.css]
[polytoria.com/login/forgot.html]
[polytoria.com/login/index.html]
[polytoria.com/assets/img/covers/register_cover.png]
[polytoria.com/user/index.html]
[polytoria.com/assets/css/superium-theme-dark.css]
[polytoria.com/landing.webp]
[polytoria.com/assets/img/nav-logo-dark.png]
[polytoria.com/index.html]
[polytoria.com/games/546.html]
[polytoria.com/assets/thumbnails/games/banners/546e5bf.png]
[polytoria.com/games/616.html]
[polytoria.com/assets/thumbnails/games/banners/6163f56.png]
[polytoria.com/games/271.html]
[polytoria.com/assets/thumbnails/games/banners/271c164.png]
[polytoria.com/games/283.html]
[polytoria.com/assets/thumbnails/games/banners/2838e0e.png]
[polytoria.com/games/558.html]
[polytoria.com/assets/thumbnails/games/banners/5581bce.png]
[polytoria.com/games/606.html]
[polytoria.com/assets/thumbnails/games/banners/60630f4.png]
[cdn.polytoria.com/releases/installer/windows/Polytoria.exe]
[polytoria.com/assets/img/avatarloader.gif]
[polytoria.com/games/index.html]
[polytoria.com/shop/index.html]
[polytoria.com/user/2402.html]
[polytoria.com/assets/thumbnails/avatars/headshots/1db574c034fa9cdf9aac4f321fd9668e.png]
[polytoria.com/error18c4.html]
[polytoria.com/user/2327.html]
[polytoria.com/assets/thumbnails/avatars/headshots/f0104a8c615d2a9089f9a224430f9214.png]
[polytoria.com/user/2845.html]
[polytoria.com/assets/thumbnails/avatars/headshots/8706c66d891141fc338303d112e59810.png]
[polytoria.com/user/13270.html]
[polytoria.com/assets/thumbnails/avatars/headshots/5dbbb6c10471ab29ca2d27164ecba325.png]
[polytoria.com/user/13091.html]
[polytoria.com/assets/thumbnails/avatars/headshots/ffef423a0fa2dfc4e82d965c7566fb96.png]
[polytoria.com/users/index.html]
[polytoria.com/users/index200d.html]
[polytoria.com/users/index308b.html]
[polytoria.com/users/indexcff1.html]
[polytoria.com/users/index905b.html]
[polytoria.com/users/index2207.html]
[polytoria.com/users/indexc471.html]
[polytoria.com/users/index5c7e.html]
[polytoria.com/users/index42dc.html]
[polytoria.com/guilds/index.html]
[polytoria.com/leaderboard84b9.html]
[polytoria.com/leaderboardc9ec.html]
[polytoria.com/leaderboard177e.html]
[polytoria.com/leaderboard5331.html]
[polytoria.com/leaderboard.html]
[polytoria.com/leaderboard511e.html]
[polytoria.com/assets/libs/flatpickr/dist/flatpickr.min.css]
[polytoria.com/assets/libs/quill/dist/quill.core.css]
[polytoria.com/assets/libs/select2/dist/css/select2.min.css]
[polytoria.com/assets/libs/highlight.js/styles/vs2015.css]
[api.mapbox.com/mapbox-gl-js/v0.53.0/mapbox-gl.css]
[polytoria.com/assets/libs/chart.js/dist/Chart.min.js]
[polytoria.com/assets/libs/list.js/dist/list.min.js]
[polytoria.com/assets/libs/quill/dist/quill.min.js]
[polytoria.com/assets/libs/select2/dist/js/select2.min.js]
[polytoria.com/login/new.html]
[api.mapbox.com/mapbox-gl-js/v0.53.0/mapbox-gl.js]
[polytoria.com/api/userads/fetch.html]
[polytoria.com/guilds/100.html]
[polytoria.com/assets/userads/70667725736b13e5d8c6cb5fbe5a53a0f8410683ec3e50e28d0e2b779c73add9082bc48270f1fae38b489694c8a1b625.12e.d]
[polytoria.com/forum/sub/3.html]
[polytoria.com/user/2.html]
[polytoria.com/assets/img/offline.png]
[polytoria.com/assets/thumbnails/avatars/9ad85e3af166457271d07ff309b23420.png]
[polytoria.com/user/5633.html]
[polytoria.com/assets/thumbnails/avatars/2c75abf133518d49d07c7275d7a07c83.png]
[polytoria.com/assets/thumbnails/avatars/headshots/9ad85e3af166457271d07ff309b23420.png]
[polytoria.com/user/2804.html]
[polytoria.com/assets/thumbnails/avatars/1f6492bc16f389f7d3263b483c09a824.png]
[polytoria.com/user/13504.html]
[polytoria.com/assets/thumbnails/avatars/7bdd3d3a1e40e8ec590665c672c35495.png]
[polytoria.com/user/13695.html]
[polytoria.com/assets/thumbnails/avatars/184189a3ccc4b3def895474e33ac3cb4.png]
[polytoria.com/user/669.html]
[polytoria.com/assets/thumbnails/avatars/e9db944a19eb68043d732eb1782e3d6e.png]
[polytoria.com/user/5141.html]
[polytoria.com/assets/thumbnails/avatars/40bd29ecb1cd675e6ed4f884ab2c570b.png]
[polytoria.com/user/4777.html]
[polytoria.com/assets/thumbnails/avatars/bb21d4bbb194fd88d2c99d79322f1125.png]
[polytoria.com/assets/thumbnails/avatars/c887dc858a7168c0184741f2af7da8fa.png]
[polytoria.com/user/451.html]
[polytoria.com/assets/thumbnails/avatars/c5c4829ec04220064015ea59b1afd0ca.png]
[polytoria.com/forum/post/58421/-1]
[polytoria.com/forum/post/58421/0.html]
[polytoria.com/forum/post/58421.html]
[polytoria.com/forum/post/58421/1.html]
[polytoria.com/assets/thumbnails/avatars/895151f0290dbd7f0c3c49a48a11ed02.png]
[polytoria.com/assets/img/icons/brick_filled.png]
[polytoria.com/guilds/222.html]
[polytoria.com/assets/thumbnails/guilds/222.png]
[polytoria.com/user/15768.html]
[polytoria.com/assets/thumbnails/avatars/b6156f85d67ec790bd907b59fb40a8dd.png]
[polytoria.com/user/15442.html]
[polytoria.com/assets/thumbnails/avatars/6a34b681de21b732bc4d518550824a28.png]
[polytoria.com/user/15776.html]
[polytoria.com/assets/thumbnails/avatars/7fdf936e7b06d003a6f01abffb74a39e.png]
[polytoria.com/user/14423.html]
[polytoria.com/assets/thumbnails/avatars/d04386b56eb7d885a742e426b9a16997.png]
[polytoria.com/user/7840.html]
[polytoria.com/assets/thumbnails/avatars/91ea5366464f056606217e87819527a2.png]
[polytoria.com/user/15215.html]
[polytoria.com/assets/thumbnails/avatars/2b5f01faa5c137f9fd37e7f934d06a26.png]
[polytoria.com/assets/thumbnails/avatars/5dbbb6c10471ab29ca2d27164ecba325.png]
[polytoria.com/user/15610.html]
[polytoria.com/assets/thumbnails/avatars/43e3c24d937c89530c84f1cd0ce30f59.png]
[polytoria.com/assets/img/badges/friends_25.png]
[polytoria.com/assets/img/badges/friends_50.png]
[polytoria.com/assets/img/badges/wealth_1000.png]
[polytoria.com/assets/img/badges/friends_100.png]
[polytoria.com/assets/img/badges/wealth_10000.png]
[polytoria.com/user/10237.html]
[polytoria.com/forum/sub/1.html]
[polytoria.com/user/3270.html]
[polytoria.com/assets/thumbnails/avatars/f56b038f0b5fc361233b7e59c18cd4a8.png]
[polytoria.com/user/8730.html]
[polytoria.com/assets/thumbnails/avatars/d3f7962316dddec9853c527e06b87f2b.png]
[polytoria.com/assets/img/online.png]
[polytoria.com/assets/thumbnails/avatars/headshots/f56b038f0b5fc361233b7e59c18cd4a8.png]
[polytoria.com/forum/post/58965.html]
[polytoria.com/guilds/1.html]
[polytoria.com/assets/thumbnails/guilds/1.png]
[polytoria.com/guilds/259.html]
[polytoria.com/assets/thumbnails/guilds/259.png]
[polytoria.com/assets/thumbnails/games/82130f4.png]
[polytoria.com/games/821.html]
[polytoria.com/user/15801.html]
[polytoria.com/assets/thumbnails/avatars/c5ac445526695ea946f402553732e75f.png]
[polytoria.com/user/15789.html]
[polytoria.com/assets/thumbnails/avatars/2b674eb2b98be0c45833515a4f6d2d86.png]
[polytoria.com/user/10215.html]
[polytoria.com/assets/thumbnails/avatars/2fc945811b9a9a28caa8fc3938985d55.png]
[polytoria.com/user/668.html]
[polytoria.com/assets/thumbnails/avatars/ae3117a1b34e04ef1f2c46d6569b6edc.png]
[polytoria.com/assets/thumbnails/avatars/a997fe3675ea80c25d0043cebfbbaa63.png]
[polytoria.com/user/15091.html]
[polytoria.com/assets/thumbnails/avatars/fe738bc62878cea3815592b9b701ad51.png]
[polytoria.com/assets/thumbnails/avatars/ad2e13b4bd1e46f73d13d7d2b69bf0f6.png]
[polytoria.com/user/14907.html]
[polytoria.com/forum/sub/2.html]
[polytoria.com/cdn-cgi/l/email-protection.html]
[polytoria.com/forum/post/58902.html]
[polytoria.com/cdn-cgi/scripts/5c5dd728/cloudflare-static/email-decode.min.js]
[polytoria.com/guilds/250.html]
[polytoria.com/assets/thumbnails/guilds/250.png]
[polytoria.com/guilds/247.html]
[polytoria.com/assets/thumbnails/guilds/247.png]
[polytoria.com/guilds/241.html]
[polytoria.com/assets/thumbnails/guilds/241.png]
[polytoria.com/guilds/235.html]
[polytoria.com/assets/thumbnails/guilds/235.png]
[polytoria.com/guilds/21.html]
[polytoria.com/assets/thumbnails/guilds/21.png]
[polytoria.com/assets/thumbnails/games/1675e1f.png]
[polytoria.com/games/167.html]
[polytoria.com/assets/thumbnails/games/1685e1f.png]
[polytoria.com/games/168.html]
[polytoria.com/assets/thumbnails/games/5995e1f.png]
[polytoria.com/games/599.html]
[polytoria.com/assets/thumbnails/games/8135e1f.png]
[polytoria.com/games/813.html]
[polytoria.com/user/15595.html]
[polytoria.com/assets/thumbnails/avatars/99ef713d427b4e81ff9b5fc0fb163a3c.png]
[polytoria.com/user/15236.html]
[polytoria.com/assets/thumbnails/avatars/5636d0027504948c7d182f26bd4ddbda.png]
[polytoria.com/user/14444.html]
[polytoria.com/assets/thumbnails/avatars/e8bb1c3bd051d40a6215dd637f509684.png]
[polytoria.com/user/15611.html]
[polytoria.com/assets/thumbnails/avatars/1c6be3e8cd9c5f4f3bea53cd8f2581a5.png]
[polytoria.com/user/12470.html]
[polytoria.com/assets/thumbnails/avatars/bbaf84edb818588d988d0d4cdcda0ddd.png]
[polytoria.com/user/15474.html]
[polytoria.com/assets/thumbnails/avatars/de64ae500feb5ff0f11fbb2640ecd047.png]
[polytoria.com/assets/img/badges/staff.png]
[polytoria.com/assets/img/badges/showcase.png]
[polytoria.com/user/7348.html]
[polytoria.com/forum/sub/4.html]
[polytoria.com/user/256.html]
[polytoria.com/assets/thumbnails/avatars/d386707c82c3beba5a2f30a007052c95.png]
[polytoria.com/forum/post/58985.html]
[polytoria.com/forum/sub/5.html]
[polytoria.com/forum/post/index.html]
[polytoria.com/assets/thumbnails/avatars/36a579de28c77c898e109038b39e4775.png]
[polytoria.com/guilds/251.html]
[polytoria.com/assets/thumbnails/guilds/251.png]
[polytoria.com/guilds/212.html]
[polytoria.com/assets/thumbnails/guilds/212.png]
[polytoria.com/guilds/54.html]
[polytoria.com/assets/thumbnails/guilds/54.png]
[polytoria.com/user/15116.html]
[polytoria.com/assets/thumbnails/avatars/249642cd6ddd24175970c62cc401809c.png]
[polytoria.com/user/160.html]
[polytoria.com/assets/thumbnails/avatars/0e521f5b7178b8963c269835eebdadb7.png]
[polytoria.com/user/6384.html]
[polytoria.com/assets/thumbnails/avatars/53520d1f4806fb18f23153eb7c901ad8.png]
[polytoria.com/user/15117.html]
[polytoria.com/assets/thumbnails/avatars/53da3adbf4c8ff3d533dbe5b8ebfe4f6.png]
[polytoria.com/user/15035.html]
[polytoria.com/assets/thumbnails/avatars/d1b4a7acfff50629d7bd25301d0db131.png]
[polytoria.com/user/15259.html]
[polytoria.com/assets/thumbnails/avatars/30ef5cd842e5c71429b1ea5ffd6d3a9f.png]
[polytoria.com/user/13287.html]
[polytoria.com/assets/thumbnails/avatars/9953dbbf8f8502f6493b4df7ebc2ee00.png]
[polytoria.com/user/14106.html]
[polytoria.com/forum/sub/6.html]
[polytoria.com/user/15714.html]
[polytoria.com/assets/thumbnails/avatars/df288e524fcf2e48f19e6e0e142147da.png]
[polytoria.com/user/14727.html]
[polytoria.com/assets/thumbnails/avatars/4d77d8cfb16a37c17fcd916990c0f357.png]
[polytoria.com/forum/post/58372.html]
[polytoria.com/guilds/258.html]
[polytoria.com/assets/thumbnails/guilds/258.png]
[polytoria.com/assets/thumbnails/guilds/100.png]
[polytoria.com/guilds/29.html]
[polytoria.com/assets/thumbnails/guilds/29.png]
[polytoria.com/user/14376.html]
[polytoria.com/assets/thumbnails/avatars/1fac461277537ba778443f314cbb7fd6.png]
[polytoria.com/user/10467.html]
[polytoria.com/assets/thumbnails/avatars/f01c3409214784d83a319d4f21b2561e.png]
[polytoria.com/user/15783.html]
[polytoria.com/assets/thumbnails/avatars/e3ebad29ed1fc19aa7b1f7ab5c4792e4.png]
[polytoria.com/user/6822.html]
[polytoria.com/assets/thumbnails/avatars/60d5a40f59e63040be92da37edd3d73e.png]
[polytoria.com/user/6728.html]
[polytoria.com/assets/thumbnails/avatars/0976e776bfaf9e6fa085171a0871f51a.png]
[polytoria.com/user/9224.html]
[polytoria.com/forum/sub/7.html]
[polytoria.com/user/8195.html]
[polytoria.com/assets/thumbnails/avatars/675c50eeec9f647d68963f7d65d45392.png]
[polytoria.com/forum/post/58977.html]
[polytoria.com/privacy.html]
[polytoria.com/terms.html]
[polytoria.com/assets/img/masks/avatar-status.svg]
[polytoria.com/assets/img/masks/avatar-group.svg]
[polytoria.com/assets/img/masks/avatar-group-hover.svg]
[polytoria.com/assets/img/masks/avatar-group-hover-last.svg]
[polytoria.com/assets/img/masks/icon-status.svg]
[polytoria.com/assets/fonts/feather/fonts/Feather144f.svg]
[polytoria.com/login/forgot.html]
[polytoria.com/assets/css/superium-theme-dark.css]
[polytoria.com/login/.html]
[polytoria.com/assets/thumbnails/games/54630f4.png]
[polytoria.com/assets/img/game_unavail.png]
[polytoria.com/user/7521.html]
[polytoria.com/assets/thumbnails/avatars/headshots/ccba42083853643ff5212959f6c0d778.png]
[polytoria.com/games/546.html]
[polytoria.com/assets/thumbnails/games/61630f4.png]
[polytoria.com/user/4163.html]
[polytoria.com/assets/thumbnails/avatars/headshots/99082a4cba30aab7e6ab5dc3aa560d5d.png]
[polytoria.com/games/616.html]
[polytoria.com/assets/thumbnails/games/271c164.png]
[polytoria.com/user/5952.html]
[polytoria.com/assets/thumbnails/avatars/headshots/e36b9396d72e6d29ed035a692ae7a843.png]
[polytoria.com/games/271.html]
[polytoria.com/assets/thumbnails/games/2837b30.png]
[polytoria.com/user/1045.html]
[polytoria.com/assets/thumbnails/avatars/headshots/c1c0f05318a00e43f4d6c16b9a6604f8.png]
[polytoria.com/games/283.html]
[polytoria.com/assets/thumbnails/games/55830f4.png]
[polytoria.com/user/1.html]
[polytoria.com/assets/thumbnails/avatars/headshots/62b15208d8b7e717c73e288817e738f3.png]
[polytoria.com/games/558.html]
[polytoria.com/assets/thumbnails/games/60630f4.png]
[polytoria.com/user/6487.html]
[polytoria.com/assets/thumbnails/avatars/headshots/858b66ea7d530c5abf0d5c0805f3e13d.png]
[polytoria.com/games/606.html]
[polytoria.com/assets/thumbnails/avatars/1db574c034fa9cdf9aac4f321fd9668e.png]
[polytoria.com/guilds/202.html]
[polytoria.com/assets/thumbnails/guilds/202.png]
[polytoria.com/guilds/161.html]
[polytoria.com/assets/thumbnails/guilds/161.png]
[polytoria.com/guilds/47.html]
[polytoria.com/assets/thumbnails/guilds/47.png]
[polytoria.com/guilds/117.html]
[polytoria.com/assets/thumbnails/guilds/117.png]
[polytoria.com/user/8708.html]
[polytoria.com/assets/thumbnails/avatars/7aab54ec4f83e3994933e3daac644115.png]
[polytoria.com/user/14056.html]
[polytoria.com/assets/thumbnails/avatars/2a3617c573076504ee5b5622d4ea6664.png]
[polytoria.com/user/6826.html]
[polytoria.com/assets/thumbnails/avatars/951463501cb06ce263c8419070a968b0.png]
[polytoria.com/user/15128.html]
[polytoria.com/assets/thumbnails/avatars/92e7b52b8eca43d21436d7648844b0e8.png]
[polytoria.com/user/7876.html]
[polytoria.com/assets/thumbnails/avatars/a6be9b1c4a658ca0655ef355451a3096.png]
[polytoria.com/user/15483.html]
[polytoria.com/assets/thumbnails/avatars/1ef71b4330621fd7da9cd572d081ef4c.png]
[polytoria.com/assets/thumbnails/avatars/39c4a8a178809b6a34c2a2220e03d909.png]
[polytoria.com/assets/img/badges/wealth_100000.png]
[polytoria.com/assets/img/badges/veteran.png]
[polytoria.com/user/2402.html]
[polytoria.com/assets/img/err_404.png]
[polytoria.com/error18c4.html]
[polytoria.com/assets/thumbnails/avatars/f0104a8c615d2a9089f9a224430f9214.png]
[polytoria.com/guilds/221.html]
[polytoria.com/assets/thumbnails/guilds/221.png]
[polytoria.com/guilds/245.html]
[polytoria.com/assets/thumbnails/guilds/245.png]
[polytoria.com/guilds/225.html]
[polytoria.com/assets/thumbnails/guilds/225.png]
[polytoria.com/user/15425.html]
[polytoria.com/assets/thumbnails/avatars/3ad5b3db2307aa79836902458a0b5e5c.png]
[polytoria.com/user/15615.html]
[polytoria.com/user/15654.html]
[polytoria.com/assets/thumbnails/avatars/c57aac8e7c1fc305501c93823c5d7aeb.png]
[polytoria.com/user/15167.html]
[polytoria.com/assets/thumbnails/avatars/f2767c7191283504323f0fcbf898b90d.png]
[polytoria.com/user/8378.html]
[polytoria.com/assets/thumbnails/avatars/9cdfd6f0430b7a6123cfb3883993c924.png]
[polytoria.com/assets/img/badges/friends_500.png]
[polytoria.com/user/2327.html]
[polytoria.com/assets/thumbnails/avatars/8706c66d891141fc338303d112e59810.png]
[polytoria.com/guilds/200.html]
[polytoria.com/assets/thumbnails/guilds/200.png]
[polytoria.com/guilds/189.html]
[polytoria.com/assets/thumbnails/guilds/189.png]
[polytoria.com/guilds/101.html]
[polytoria.com/assets/thumbnails/guilds/101.png]
[polytoria.com/guilds/90.html]
[polytoria.com/assets/thumbnails/guilds/90.png]
[polytoria.com/assets/thumbnails/games/1430f4.png]
[polytoria.com/games/14.html]
[polytoria.com/assets/thumbnails/games/215e1f.png]
[polytoria.com/games/21.html]
[polytoria.com/games/69.html]
[polytoria.com/user/15735.html]
[polytoria.com/assets/thumbnails/avatars/c65912a96a052cead1eecbad8b86755c.png]
[polytoria.com/user/15639.html]
[polytoria.com/assets/thumbnails/avatars/02eddcbdca26ef18f5237540c3d22da5.png]
[polytoria.com/user/15580.html]
[polytoria.com/assets/thumbnails/avatars/dc41e1983e5f3624394515ed7d2c2a36.png]
[polytoria.com/user/13941.html]
[polytoria.com/assets/thumbnails/avatars/a1c95c870d8ef5293c5cb16c9fe914ef.png]
[polytoria.com/user/14427.html]
[polytoria.com/assets/thumbnails/avatars/559da5531fb54e097e8b47e451a3d8a1.png]
[polytoria.com/user/2845.html]
[polytoria.com/guilds/242.html]
[polytoria.com/assets/thumbnails/guilds/242.png]
[polytoria.com/guilds/114.html]
[polytoria.com/assets/thumbnails/guilds/114.png]
[polytoria.com/user/8870.html]
[polytoria.com/assets/thumbnails/avatars/bf0d033d3f2688e85484fe58c96cbac9.png]
[polytoria.com/user/5249.html]
[polytoria.com/assets/thumbnails/avatars/3cef598db66733a1e81ef9e4d33ee345.png]
[polytoria.com/user/2678.html]
[polytoria.com/assets/thumbnails/avatars/b1977adf714f5735dfb5dd35bfa764f0.png]
[polytoria.com/user/13270.html]
[polytoria.com/assets/thumbnails/avatars/ffef423a0fa2dfc4e82d965c7566fb96.png]
[polytoria.com/user/14479.html]
[polytoria.com/assets/thumbnails/avatars/cc3d3ae155a3f5909408130573031281.png]
[polytoria.com/user/13091.html]
[polytoria.com/user/6902.html]
[polytoria.com/assets/thumbnails/avatars/headshots/2adadab0292e37ce751b25c254c8be88.png]
[polytoria.com/users/index200d.html]
[polytoria.com/users/index308b.html]
[polytoria.com/assets/thumbnails/avatars/headshots/c887dc858a7168c0184741f2af7da8fa.png]
[polytoria.com/assets/thumbnails/avatars/headshots/3cef598db66733a1e81ef9e4d33ee345.png]
[polytoria.com/user/115.html]
[polytoria.com/assets/thumbnails/avatars/headshots/11b7a4fae14ef7841d8b32fb77bbac47.png]
[polytoria.com/assets/thumbnails/avatars/headshots/36a579de28c77c898e109038b39e4775.png]
[polytoria.com/users/indexcff1.html]
[polytoria.com/user/5334.html]
[polytoria.com/assets/thumbnails/avatars/headshots/0ad29c4f0b3686c63ebed4d0913031ab.png]
[polytoria.com/user/5667.html]
[polytoria.com/assets/thumbnails/avatars/headshots/963e61236008666bcb6dddf96a2c79f8.png]
[polytoria.com/user/5436.html]
[polytoria.com/assets/thumbnails/avatars/headshots/724e42a8c1ea5e0784617bf940098334.png]
[polytoria.com/user/4070.html]
[polytoria.com/assets/thumbnails/avatars/headshots/a1a0b3ac483e6a9555e4c66c9eb78178.png]
[polytoria.com/user/7883.html]
[polytoria.com/assets/thumbnails/avatars/headshots/7efe4a355ee693f7bd227eccac4bd24f.png]
[polytoria.com/users/index905b.html]
[polytoria.com/assets/thumbnails/avatars/headshots/d3f7962316dddec9853c527e06b87f2b.png]
[polytoria.com/user/8986.html]
[polytoria.com/assets/thumbnails/avatars/headshots/cf5bcca71d3ba12e832e2ee2f7c15d48.png]
[polytoria.com/assets/thumbnails/avatars/headshots/3ad5b3db2307aa79836902458a0b5e5c.png]
[polytoria.com/user/5150.html]
[polytoria.com/assets/thumbnails/avatars/headshots/457effb1d02b00fb5ea631813954b2a7.png]
[polytoria.com/assets/thumbnails/avatars/headshots/1c6be3e8cd9c5f4f3bea53cd8f2581a5.png]
[polytoria.com/users/index2207.html]
[polytoria.com/user/9097.html]
[polytoria.com/assets/thumbnails/avatars/headshots/d70ac1f1626200384e41cf64ec5be0a0.png]
[polytoria.com/assets/thumbnails/avatars/headshots/9953dbbf8f8502f6493b4df7ebc2ee00.png]
[polytoria.com/assets/thumbnails/avatars/headshots/92e7b52b8eca43d21436d7648844b0e8.png]
[polytoria.com/user/11857.html]
[polytoria.com/assets/thumbnails/avatars/headshots/43903bd7d0312afaccca4ed51f5b3ff8.png]
[polytoria.com/user/13405.html]
[polytoria.com/assets/thumbnails/avatars/headshots/4565af55257029b4477c718876fb8b6c.png]
[polytoria.com/users/index5c7e.html]
[polytoria.com/users/indexc4f7.html]
[polytoria.com/assets/thumbnails/avatars/headshots/1fac461277537ba778443f314cbb7fd6.png]
[polytoria.com/user/613.html]
[polytoria.com/assets/thumbnails/avatars/headshots/b109226333d1dd6338958e01f27f0820.png]
[polytoria.com/user/11920.html]
[polytoria.com/assets/thumbnails/avatars/headshots/6349dcb39e0aef92fd1082e79102451e.png]
[polytoria.com/user/2186.html]
[polytoria.com/assets/thumbnails/avatars/headshots/0bf8e0608b3ccf2522489859c4fe33d0.png]
[polytoria.com/user/4757.html]
[polytoria.com/assets/thumbnails/avatars/headshots/557416aca0d220d7e97c13531fe62275.png]
[polytoria.com/users/indexc471.html]
[polytoria.com/users/index2df4.html]
[polytoria.com/user/13409.html]
[polytoria.com/assets/thumbnails/avatars/headshots/253a11844bdb7f77da511ee0885cf0bf.png]
[polytoria.com/user/13489.html]
[polytoria.com/assets/thumbnails/avatars/headshots/bb967dacb8b574cc7eb93532efd166cb.png]
[polytoria.com/user/10101.html]
[polytoria.com/assets/thumbnails/avatars/headshots/9e9ac4675d6aebbbaee44b12890a4c82.png]
[polytoria.com/user/10805.html]
[polytoria.com/assets/thumbnails/avatars/headshots/2523a35644f1106143bdfd8a63f97233.png]
[polytoria.com/user/15633.html]
[polytoria.com/assets/thumbnails/avatars/headshots/6a1d188a69c4ef901e34a0270dbc91c7.png]
[polytoria.com/users/index42dc.html]
[polytoria.com/users/indexb5fb.html]
[polytoria.com/leaderboard84b9.html]
[polytoria.com/leaderboardc9ec.html]
[polytoria.com/leaderboard177e.html]
[polytoria.com/leaderboard5331.html]
[polytoria.com/leaderboard511e.html]
[polytoria.com/assets/libs/flatpickr/dist/flatpickr.min.css]
[polytoria.com/assets/libs/quill/dist/quill.core.css]
[polytoria.com/assets/libs/select2/dist/css/select2.min.css]
[polytoria.com/assets/libs/highlight.js/styles/vs2015.css]
[api.mapbox.com/mapbox-gl-js/v0.53.0/mapbox-gl.css]
[polytoria.com/guilds/100.html]
[polytoria.com/guilds/199.html]
[polytoria.com/assets/thumbnails/guilds/199.png]
[polytoria.com/assets/thumbnails/games/130f4.png]
[polytoria.com/games/1.html]
[polytoria.com/assets/thumbnails/games/37b30.png]
[polytoria.com/games/3.html]
[polytoria.com/assets/thumbnails/games/830f4.png]
[polytoria.com/games/8.html]
[polytoria.com/assets/thumbnails/games/95e1f.png]
[polytoria.com/games/9.html]
[polytoria.com/assets/thumbnails/games/105e1f.png]
[polytoria.com/games/10.html]
[polytoria.com/assets/thumbnails/games/115e1f.png]
[polytoria.com/games/11.html]
[polytoria.com/assets/thumbnails/games/235e1f.png]
[polytoria.com/games/23.html]
[polytoria.com/games/761.html]
[polytoria.com/games/762.html]
[polytoria.com/assets/thumbnails/games/7655e1f.png]
[polytoria.com/games/765.html]
[polytoria.com/games/766.html]
[polytoria.com/games/780.html]
[polytoria.com/user/8725.html]
[polytoria.com/assets/thumbnails/avatars/821c223a70ac913e645e303ef8e103cd.png]
[polytoria.com/user/15237.html]
[polytoria.com/assets/thumbnails/avatars/15d8c2f55666e509c4f0f921be5f9a65.png]
[polytoria.com/user/15095.html]
[polytoria.com/assets/thumbnails/avatars/bbb2993d1ad595c2ca2c794847152119.png]
[polytoria.com/assets/thumbnails/avatars/5f5e67fb7b75b4be14c74656538c6b30.png]
[polytoria.com/assets/img/hack.jpg]
[polytoria.com/user/2.html]
[polytoria.com/guilds/157.html]
[polytoria.com/assets/thumbnails/guilds/157.png]
[polytoria.com/guilds/163.html]
[polytoria.com/assets/thumbnails/guilds/163.png]
[polytoria.com/assets/thumbnails/games/25730f4.png]
[polytoria.com/games/257.html]
[polytoria.com/assets/thumbnails/games/2585e1f.png]
[polytoria.com/games/258.html]
[polytoria.com/user/15187.html]
[polytoria.com/assets/thumbnails/avatars/f4a86fa500f9e37ecf581fa8d58b0cc8.png]
[polytoria.com/user/2840.html]
[polytoria.com/assets/thumbnails/avatars/4964a77265f541dcd63c166ef86222af.png]
[polytoria.com/assets/thumbnails/avatars/2b45ccf9d5a1025185e0d8dd31658c45.png]
[polytoria.com/user/15371.html]
[polytoria.com/assets/thumbnails/avatars/870ffd5ae2a8c0cdb38a9717d710bfc7.png]
[polytoria.com/user/15063.html]
[polytoria.com/assets/thumbnails/avatars/53e210db04db9dc31fe8a43bb3b49086.png]
[polytoria.com/user/5633.html]
[polytoria.com/user/8137.html]
[polytoria.com/assets/thumbnails/avatars/feaf9bf58d1d610c94ec3315a0c93aad.png]
[polytoria.com/user/12554.html]
[polytoria.com/assets/thumbnails/avatars/1b5b9d5b3382e3bc498fbea7d4ced2af.png]
[polytoria.com/user/4142.html]
[polytoria.com/assets/thumbnails/avatars/f6482dd3591ecc853ae2bec816563351.png]
[polytoria.com/user/13556.html]
[polytoria.com/assets/thumbnails/avatars/d4a3d0136578dd1d366bbe469ae43eb4.png]
[polytoria.com/assets/thumbnails/avatars/ccba42083853643ff5212959f6c0d778.png]
[polytoria.com/user/2804.html]
[polytoria.com/guilds/233.html]
[polytoria.com/assets/thumbnails/guilds/233.png]
[polytoria.com/guilds/265.html]
[polytoria.com/assets/thumbnails/guilds/265.png]
[polytoria.com/guilds/257.html]
[polytoria.com/assets/thumbnails/guilds/257.png]
[polytoria.com/guilds/252.html]
[polytoria.com/assets/thumbnails/guilds/252.png]
[polytoria.com/assets/thumbnails/games/611ae52.png]
[polytoria.com/games/611.html]
[polytoria.com/user/13092.html]
[polytoria.com/assets/thumbnails/avatars/46a65998fb50c7061c54e29fee74a951.png]
[polytoria.com/user/4038.html]
[polytoria.com/assets/thumbnails/avatars/f8ebf029cb2a120cb6eca18b0031f509.png]
[polytoria.com/user/15240.html]
[polytoria.com/assets/thumbnails/avatars/954e68bc1804b43d16005949fc415257.png]
[polytoria.com/user/11042.html]
[polytoria.com/assets/thumbnails/avatars/f5001731bf5c17f2893ca764e6c99258.png]
[polytoria.com/user/13504.html]
[polytoria.com/guilds/133.html]
[polytoria.com/assets/thumbnails/guilds/133.png]
[polytoria.com/assets/thumbnails/games/5865e1f.png]
[polytoria.com/games/586.html]
[polytoria.com/user/14865.html]
[polytoria.com/assets/thumbnails/avatars/808a9d3bbcf98c183e58382b1cb4d465.png]
[polytoria.com/user/15021.html]
[polytoria.com/assets/thumbnails/avatars/b0338a7b8aac90569101c989eb0dad6e.png]
[polytoria.com/user/14757.html]
[polytoria.com/assets/thumbnails/avatars/d0e4e121871b92ebdb826544c0d3b2b6.png]
[polytoria.com/user/13019.html]
[polytoria.com/assets/thumbnails/avatars/410267ffdc4a1d4ab9c2f4b67340469d.png]
[polytoria.com/user/13695.html]
[polytoria.com/guilds/214.html]
[polytoria.com/assets/thumbnails/guilds/214.png]
[polytoria.com/guilds/82.html]
[polytoria.com/assets/thumbnails/guilds/82.png]
[polytoria.com/guilds/87.html]
[polytoria.com/assets/thumbnails/guilds/87.png]
[polytoria.com/user/11990.html]
[polytoria.com/assets/thumbnails/avatars/2f59b9d0cbe504f290950417cced3699.png]
[polytoria.com/user/11004.html]
[polytoria.com/assets/thumbnails/avatars/759f6b4134d4539fff732fa81cdb9a9a.png]
[polytoria.com/user/5620.html]
[polytoria.com/assets/thumbnails/avatars/17b1020642d32fb0754470a3ff0ea924.png]
[polytoria.com/user/5287.html]
[polytoria.com/assets/thumbnails/avatars/2494cdd1a7cd6a36b77de7442bf8308c.png]
[polytoria.com/user/5385.html]
[polytoria.com/assets/thumbnails/avatars/fec0b0508f52fc400367fce1d2861ed9.png]
[polytoria.com/user/9239.html]
[polytoria.com/assets/thumbnails/avatars/47752b52c1d7725cc92b274f1a1837d9.png]
[polytoria.com/user/669.html]
[polytoria.com/guilds/262.html]
[polytoria.com/assets/thumbnails/guilds/262.png]
[polytoria.com/guilds/169.html]
[polytoria.com/assets/thumbnails/guilds/169.png]
[polytoria.com/guilds/182.html]
[polytoria.com/assets/thumbnails/guilds/182.png]
[polytoria.com/games/177.html]
[polytoria.com/games/179.html]
[polytoria.com/assets/thumbnails/games/187ae52.png]
[polytoria.com/games/187.html]
[polytoria.com/games/188.html]
[polytoria.com/user/9284.html]
[polytoria.com/assets/thumbnails/avatars/7a06c5c27ad053e92a704d4f83e26df4.png]
[polytoria.com/assets/thumbnails/avatars/457effb1d02b00fb5ea631813954b2a7.png]
[polytoria.com/user/3418.html]
[polytoria.com/assets/thumbnails/avatars/42ce61522997f3d48aa8f185bb21117b.png]
[polytoria.com/user/15106.html]
[polytoria.com/assets/thumbnails/avatars/731425c4c64452bc00c23ad412b9c1f9.png]
[polytoria.com/user/5141.html]
[polytoria.com/guilds/267.html]
[polytoria.com/assets/thumbnails/guilds/267.png]
[polytoria.com/guilds/5.html]
[polytoria.com/assets/thumbnails/guilds/5.png]
[polytoria.com/guilds/20.html]
[polytoria.com/assets/thumbnails/guilds/20.png]
[polytoria.com/assets/thumbnails/games/2975e1f.png]
[polytoria.com/games/297.html]
[polytoria.com/user/12956.html]
[polytoria.com/assets/thumbnails/avatars/b22e3c113a952728cdb01391eac492f8.png]
[polytoria.com/user/14832.html]
[polytoria.com/assets/thumbnails/avatars/1a335a84ef06a462d825c1b34f49795c.png]
[polytoria.com/user/9724.html]
[polytoria.com/assets/thumbnails/avatars/3336c7a0892857fda3cb57cf91814321.png]
[polytoria.com/user/14329.html]
[polytoria.com/assets/thumbnails/avatars/31fcfb72c8817425cabd389a9ad217e6.png]
[polytoria.com/user/4777.html]
[polytoria.com/guilds/201.html]
[polytoria.com/assets/thumbnails/guilds/201.png]
[polytoria.com/guilds/166.html]
[polytoria.com/assets/thumbnails/guilds/166.png]
[polytoria.com/games/817.html]
[polytoria.com/user/15158.html]
[polytoria.com/assets/thumbnails/avatars/6187c6094e1c743384ec9f2c61be2a7a.png]
[polytoria.com/user/451.html]
[polytoria.com/forum/post/58421/-1.html]
[polytoria.com/forum/post/58421/0.html]
[polytoria.com/user/14473.html]
[polytoria.com/assets/thumbnails/avatars/961e336839b75c37dccdab175e6b5823.png]
[polytoria.com/assets/thumbnails/avatars/headshots/d386707c82c3beba5a2f30a007052c95.png]
[polytoria.com/forum/post/58421/1.html]
[polytoria.com/forum/post/58421/2.html]
