[polytoria.com/forum/index.html]
[polytoria.com/cdn-cgi/apps/head/d2xo1he7Kns6Z1vqZzVy46dfEyI.js]
[polytoria.com/assets/css/superium-theme-light.css]
[polytoria.com/assets/js/theme.min.js]
[pagead2.googlesyndication.com/pagead/js/f.txt]
[cdnjs.cloudflare.com/ajax/libs/Chart.js/2.8.0/Chart.bundle.js]
[polyfill.io/v3/polyfill.min2d4a.js]
[polytoria.com/assets/js/emoji-picker/fgEmojiPicker.js]
[code.jquery.com/jquery-3.6.0.min.js]
[polytoria.com/assets/js/prebid-ads.js]
[backblue.gif]
[fade.gif]
[index.html]
[polytoria.com/assets/fonts/feather/feather.min.css]
[www.google.com/recaptcha/api.js]
[polytoria.com/assets/css/Polytoria.css]
[polytoria.com/assets/img/polytoria.png]
[polytoria.com/assets/img/uploadshirt.png]
[polytoria.com/login/index.html]
[polytoria.com/assets/img/uploadpants.png]
[polytoria.com/assets/img/upload_tee.png]
[polytoria.com/assets/img/icons/brick.png]
[polytoria.com/assets/img/icons/stud.png]
[polytoria.com/assets/img/navbar-logo-light.png]
[polytoria.com/index.html]
[polytoria.com/games/index.html]
[polytoria.com/leaderboard.html]
[polytoria.com/shop/index.html]
[polytoria.com/users/index.html]
[polytoria.com/guilds/index.html]
[polytoria.com/login/new.html]
[polytoria.com/api/userads/fetch.html]
[polytoria.com/forum/sub/3.html]
[polytoria.com/forum/post/58421.html]
[polytoria.com/user/10237.html]
[polytoria.com/forum/sub/1.html]
[polytoria.com/forum/post/58965.html]
[polytoria.com/user/14907.html]
[polytoria.com/forum/sub/2.html]
[polytoria.com/forum/post/58902.html]
[polytoria.com/user/7348.html]
[polytoria.com/forum/sub/4.html]
[polytoria.com/forum/post/58985.html]
[polytoria.com/forum/sub/5.html]
[polytoria.com/user/14106.html]
[polytoria.com/forum/sub/6.html]
[polytoria.com/forum/post/58372.html]
[polytoria.com/forum/post/index.html]
[polytoria.com/user/9224.html]
[polytoria.com/forum/sub/7.html]
[polytoria.com/forum/post/58977.html]
[polytoria.com/privacy.html]
[polytoria.com/terms.html]
[polytoria.com/assets/libs/jquery/dist/jquery.min.js]
[polytoria.com/assets/libs/bootstrap/dist/js/bootstrap.bundle.min.js]
[polytoria.com/assets/libs/@shopify/draggable/lib/es5/draggable.bundle.legacy.js]
[polytoria.com/assets/libs/autosize/dist/autosize.min.js]
[polytoria.com/assets/libs/dropzone/dist/min/dropzone.min.js]
[polytoria.com/assets/libs/flatpickr/dist/flatpickr.min.js]
[polytoria.com/assets/libs/highlightjs/highlight.pack.min.js]
[polytoria.com/assets/libs/jquery-mask-plugin/dist/jquery.mask.min.js]
[polytoria.com/assets/libs/chart.js/Chart.extension.min.js]
[polytoria.com/assets/js/Superium68b3.js]
[polytoria.com/forum/index.html]
[polytoria.com/assets/js/modal.js]
[polytoria.com/assets/img/covers/sidebar-cover.jpg]
[polytoria.com/assets/fonts/cerebrisans/cerebrisans-regular.eot]
[polytoria.com/assets/fonts/cerebrisans/cerebrisans-regulard41d.eot]
[polytoria.com/assets/fonts/cerebrisans/cerebrisans-regular.woff]
[polytoria.com/assets/fonts/cerebrisans/cerebrisans-regular.ttf]
[polytoria.com/assets/fonts/cerebrisans/cerebrisans-medium.eot]
[polytoria.com/assets/fonts/cerebrisans/cerebrisans-mediumd41d.eot]
[polytoria.com/assets/fonts/cerebrisans/cerebrisans-medium.woff]
[polytoria.com/assets/fonts/cerebrisans/cerebrisans-medium.ttf]
[polytoria.com/assets/fonts/cerebrisans/cerebrisans-semibold.eot]
[polytoria.com/assets/fonts/cerebrisans/cerebrisans-semiboldd41d.eot]
[polytoria.com/assets/fonts/cerebrisans/cerebrisans-semibold.woff]
[polytoria.com/assets/fonts/cerebrisans/cerebrisans-semibold.ttf]
[polytoria.com/assets/img/covers/header-cover.jpg]
[polytoria.com/assets/img/masks/avatar-status.svg]
[polytoria.com/assets/img/masks/avatar-group.svg]
[polytoria.com/assets/img/masks/avatar-group-hover.svg]
[polytoria.com/assets/img/masks/avatar-group-hover-last.svg]
[polytoria.com/assets/css/superium-theme-light.css]
[polytoria.com/assets/img/masks/icon-status.svg]
[polytoria.com/assets/fonts/feather/fonts/Feather144f.ttf]
[polytoria.com/assets/fonts/feather/fonts/Feather144f.woff]
[polytoria.com/assets/fonts/feather/feather.min.css]
[polytoria.com/assets/fonts/feather/fonts/Feather144f.svg]
[polytoria.com/assets/img/favorite_anim.png]
[polytoria.com/assets/css/Polytoria.css]
[polytoria.com/login/forgot.html]
[polytoria.com/login/index.html]
[polytoria.com/assets/img/covers/register_cover.png]
[polytoria.com/user/index.html]
[polytoria.com/assets/css/superium-theme-dark.css]
[polytoria.com/landing.webp]
[polytoria.com/assets/img/nav-logo-dark.png]
[polytoria.com/index.html]
[polytoria.com/games/546.html]
[polytoria.com/assets/thumbnails/games/banners/546e5bf.png]
[polytoria.com/games/616.html]
[polytoria.com/assets/thumbnails/games/banners/6163f56.png]
[polytoria.com/games/271.html]
[polytoria.com/assets/thumbnails/games/banners/271c164.png]
[polytoria.com/games/283.html]
[polytoria.com/assets/thumbnails/games/banners/2838e0e.png]
[polytoria.com/games/558.html]
[polytoria.com/assets/thumbnails/games/banners/5581bce.png]
[polytoria.com/games/606.html]
[polytoria.com/assets/thumbnails/games/banners/60630f4.png]
[cdn.polytoria.com/releases/installer/windows/Polytoria.exe]
[polytoria.com/assets/img/avatarloader.gif]
[polytoria.com/games/index.html]
[polytoria.com/shop/index.html]
[polytoria.com/user/2402.html]
[polytoria.com/assets/thumbnails/avatars/headshots/1db574c034fa9cdf9aac4f321fd9668e.png]
[polytoria.com/error18c4.html]
[polytoria.com/user/2327.html]
[polytoria.com/assets/thumbnails/avatars/headshots/f0104a8c615d2a9089f9a224430f9214.png]
[polytoria.com/user/2845.html]
[polytoria.com/assets/thumbnails/avatars/headshots/8706c66d891141fc338303d112e59810.png]
[polytoria.com/user/13270.html]
[polytoria.com/assets/thumbnails/avatars/headshots/5dbbb6c10471ab29ca2d27164ecba325.png]
[polytoria.com/user/13091.html]
[polytoria.com/assets/thumbnails/avatars/headshots/ffef423a0fa2dfc4e82d965c7566fb96.png]
[polytoria.com/users/index.html]
[polytoria.com/users/index200d.html]
[polytoria.com/users/index308b.html]
[polytoria.com/users/indexcff1.html]
[polytoria.com/users/index905b.html]
[polytoria.com/users/index2207.html]
[polytoria.com/users/indexc471.html]
[polytoria.com/users/index5c7e.html]
[polytoria.com/users/index42dc.html]
[polytoria.com/guilds/index.html]
[polytoria.com/leaderboard84b9.html]
[polytoria.com/leaderboardc9ec.html]
[polytoria.com/leaderboard177e.html]
[polytoria.com/leaderboard5331.html]
[polytoria.com/leaderboard.html]
[polytoria.com/leaderboard511e.html]
[polytoria.com/assets/libs/flatpickr/dist/flatpickr.min.css]
[polytoria.com/assets/libs/quill/dist/quill.core.css]
[polytoria.com/assets/libs/select2/dist/css/select2.min.css]
[polytoria.com/assets/libs/highlight.js/styles/vs2015.css]
[api.mapbox.com/mapbox-gl-js/v0.53.0/mapbox-gl.css]
[polytoria.com/assets/libs/chart.js/dist/Chart.min.js]
[polytoria.com/assets/libs/list.js/dist/list.min.js]
[polytoria.com/assets/libs/quill/dist/quill.min.js]
[polytoria.com/assets/libs/select2/dist/js/select2.min.js]
[polytoria.com/login/new.html]
[api.mapbox.com/mapbox-gl-js/v0.53.0/mapbox-gl.js]
[polytoria.com/api/userads/fetch.html]
[polytoria.com/guilds/100.html]
[polytoria.com/assets/userads/70667725736b13e5d8c6cb5fbe5a53a0f8410683ec3e50e28d0e2b779c73add9082bc48270f1fae38b489694c8a1b625.12e.d]
[polytoria.com/forum/sub/3.html]
[polytoria.com/user/2.html]
[polytoria.com/assets/img/offline.png]
[polytoria.com/assets/thumbnails/avatars/9ad85e3af166457271d07ff309b23420.png]
[polytoria.com/user/5633.html]
[polytoria.com/assets/thumbnails/avatars/2c75abf133518d49d07c7275d7a07c83.png]
[polytoria.com/assets/thumbnails/avatars/headshots/9ad85e3af166457271d07ff309b23420.png]
[polytoria.com/user/2804.html]
[polytoria.com/assets/thumbnails/avatars/1f6492bc16f389f7d3263b483c09a824.png]
[polytoria.com/user/13504.html]
[polytoria.com/assets/thumbnails/avatars/7bdd3d3a1e40e8ec590665c672c35495.png]
[polytoria.com/user/13695.html]
[polytoria.com/assets/thumbnails/avatars/184189a3ccc4b3def895474e33ac3cb4.png]
[polytoria.com/user/669.html]
[polytoria.com/assets/thumbnails/avatars/e9db944a19eb68043d732eb1782e3d6e.png]
[polytoria.com/user/5141.html]
[polytoria.com/assets/thumbnails/avatars/40bd29ecb1cd675e6ed4f884ab2c570b.png]
[polytoria.com/user/4777.html]
[polytoria.com/assets/thumbnails/avatars/bb21d4bbb194fd88d2c99d79322f1125.png]
[polytoria.com/assets/thumbnails/avatars/c887dc858a7168c0184741f2af7da8fa.png]
[polytoria.com/user/451.html]
[polytoria.com/assets/thumbnails/avatars/c5c4829ec04220064015ea59b1afd0ca.png]
[polytoria.com/forum/post/58421/-1]
[polytoria.com/forum/post/58421/0.html]
[polytoria.com/forum/post/58421.html]
[polytoria.com/forum/post/58421/1.html]
[polytoria.com/assets/thumbnails/avatars/895151f0290dbd7f0c3c49a48a11ed02.png]
[polytoria.com/assets/img/icons/brick_filled.png]
[polytoria.com/guilds/222.html]
[polytoria.com/assets/thumbnails/guilds/222.png]
[polytoria.com/user/15768.html]
[polytoria.com/assets/thumbnails/avatars/b6156f85d67ec790bd907b59fb40a8dd.png]
[polytoria.com/user/15442.html]
[polytoria.com/assets/thumbnails/avatars/6a34b681de21b732bc4d518550824a28.png]
[polytoria.com/user/15776.html]
[polytoria.com/assets/thumbnails/avatars/7fdf936e7b06d003a6f01abffb74a39e.png]
[polytoria.com/user/14423.html]
[polytoria.com/assets/thumbnails/avatars/d04386b56eb7d885a742e426b9a16997.png]
[polytoria.com/user/7840.html]
[polytoria.com/assets/thumbnails/avatars/91ea5366464f056606217e87819527a2.png]
[polytoria.com/user/15215.html]
[polytoria.com/assets/thumbnails/avatars/2b5f01faa5c137f9fd37e7f934d06a26.png]
[polytoria.com/assets/thumbnails/avatars/5dbbb6c10471ab29ca2d27164ecba325.png]
[polytoria.com/user/15610.html]
[polytoria.com/assets/thumbnails/avatars/43e3c24d937c89530c84f1cd0ce30f59.png]
[polytoria.com/assets/img/badges/friends_25.png]
[polytoria.com/assets/img/badges/friends_50.png]
[polytoria.com/assets/img/badges/wealth_1000.png]
[polytoria.com/assets/img/badges/friends_100.png]
[polytoria.com/assets/img/badges/wealth_10000.png]
[polytoria.com/user/10237.html]
[polytoria.com/forum/sub/1.html]
[polytoria.com/user/3270.html]
[polytoria.com/assets/thumbnails/avatars/f56b038f0b5fc361233b7e59c18cd4a8.png]
[polytoria.com/user/8730.html]
[polytoria.com/assets/thumbnails/avatars/d3f7962316dddec9853c527e06b87f2b.png]
[polytoria.com/assets/img/online.png]
[polytoria.com/assets/thumbnails/avatars/headshots/f56b038f0b5fc361233b7e59c18cd4a8.png]
[polytoria.com/forum/post/58965.html]
[polytoria.com/guilds/1.html]
[polytoria.com/assets/thumbnails/guilds/1.png]
[polytoria.com/guilds/259.html]
[polytoria.com/assets/thumbnails/guilds/259.png]
[polytoria.com/assets/thumbnails/games/82130f4.png]
[polytoria.com/games/821.html]
[polytoria.com/user/15801.html]
[polytoria.com/assets/thumbnails/avatars/c5ac445526695ea946f402553732e75f.png]
[polytoria.com/user/15789.html]
[polytoria.com/assets/thumbnails/avatars/2b674eb2b98be0c45833515a4f6d2d86.png]
[polytoria.com/user/10215.html]
[polytoria.com/assets/thumbnails/avatars/2fc945811b9a9a28caa8fc3938985d55.png]
[polytoria.com/user/668.html]
[polytoria.com/assets/thumbnails/avatars/ae3117a1b34e04ef1f2c46d6569b6edc.png]
[polytoria.com/assets/thumbnails/avatars/a997fe3675ea80c25d0043cebfbbaa63.png]
[polytoria.com/user/15091.html]
[polytoria.com/assets/thumbnails/avatars/fe738bc62878cea3815592b9b701ad51.png]
[polytoria.com/assets/thumbnails/avatars/ad2e13b4bd1e46f73d13d7d2b69bf0f6.png]
[polytoria.com/user/14907.html]
[polytoria.com/forum/sub/2.html]
